Lval-99464	o
Lval-99305	position
Lval-99597	__cil_tmp13
Lval-99353	*stream
Lval-99603	*file
Lval-99278	speed
Lval-99495	@overlapAdd
Lval-99397	__cil_tmp7
Lval-99645	__cil_tmp5
Lval-99612	*sampleRate
Lval-99576	numChannels
Lval-99396	*__cil_tmp7
Lval-99724	rampDown
Lval-99623	*o
Lval-99622	@removeInputSamples
Lval-99318	file
Lval-99443	*stream
Lval-99687	*stream.maxRequired
Lval-99684	*stream.maxRequired
Lval-99658	*stream.maxRequired
Lval-99494	*stream.maxRequired
Lval-99471	value
Lval-99303	*stream.maxRequired
Lval-99533	__cil_tmp9
Lval-99425	outFile
Lval-99546	@downSampleInput
Lval-99564	numSamples
Lval-99682	retMinDiff
Lval-99569	@sonicSetRate
Lval-99447	buf
Lval-99641	file
Lval-99611	outBuffer
Lval-99525	diff
Lval-99661	*__cil_tmp12
Lval-99385	file
Lval-99703	preferNewPeriod
Lval-99378	volume
Lval-99478	rightPosition
Lval-99440	@readInt
Lval-99524	maxDiff
Lval-99736	@skipPitchPeriod
Lval-99245	*stream
Lval-99260	bestPeriod
Lval-99253	period
Lval-99365	*stream
Lval-99615	__cil_tmp14
Lval-99422	numChannels
Lval-99647	__cil_tmp7
Lval-99718	pitch
Lval-99628	downSamples
Lval-99390	*stream
Lval-99714	*stream.speed
Lval-99662	*stream.speed
Lval-99472	*stream.speed
Lval-99350	remainingSamples
Lval-99279	*stream.speed
Lval-99540	@scaleSamples
Lval-99458	i
Lval-99691	*stream.pitch
Lval-99675	*stream.pitch
Lval-99501	*stream.pitch
Lval-99473	*stream.pitch
Lval-99280	*stream.pitch
Lval-99356	__cil_tmp4
Lval-99461	period
Lval-99354	position
Lval-99380	__cil_tmp4
Lval-99663	stream
Lval-99565	leftPosition
Lval-99598	*stream.minPeriod
Lval-99590	*stream.minPeriod
Lval-99706	*stream.downSampleBuffer
Lval-99651	*stream.downSampleBuffer
Lval-99646	*stream.downSampleBuffer
Lval-99409	*stream.downSampleBuffer
Lval-99290	samples
Lval-99277	*stream
Lval-99376	stream
Lval-99394	numChannels
Lval-99408	position
Lval-99619	*stream.pitchBuffer
Lval-99584	*stream.pitchBuffer
Lval-99506	*stream
Lval-99423	*stream.pitchBuffer
Lval-99420	*stream.pitchBuffer
Lval-99407	*stream.pitchBuffer
Lval-99323	*stream.pitchBuffer
Lval-99252	samples
Lval-99531	i
Lval-99624	*d
Lval-99583	minPeriod
Lval-99235	numSamples
Lval-99466	*u
Lval-99363	*stream.prevMinDiff
Lval-99352	stream
Lval-99702	@prevPeriodBetter
Lval-99368	@strlen
Lval-99690	*file
Lval-99301	i
Lval-99358	stream
Lval-99468	maxRequired
Lval-99698	numChannels
Lval-99503	*stream
Lval-99381	@fread
Lval-99289	rate
Lval-99550	file
Lval-99347	newSampleRate
Lval-99239	stream
Lval-99366	minDiff
Lval-99666	rampDown
Lval-99489	sVal
Lval-99537	samples
Lval-99448	length
Lval-99403	*samples
Lval-99737	*stream.prevPeriod
Lval-99605	*stream.prevPeriod
Lval-99460	*stream.prevPeriod
Lval-99254	value
Lval-99346	stream
Lval-99236	t
Lval-99710	@insertPitchPeriod
Lval-99717	speed
Lval-99679	*file
Lval-99295	@moveNewSamplesToPitchBuffer
Lval-99450	__cil_tmp3
Lval-99274	period
Lval-99258	rate
Lval-99562	stream
Lval-99579	s
Lval-99370	samplesPerValue
Lval-99630	*stream.outputBufferSize
Lval-99445	*stream.outputBufferSize
Lval-99418	minPeriod
Lval-99668	*stream.sampleRate
Lval-99355	*stream.sampleRate
Lval-99238	*stream.sampleRate
Lval-99719	rate
Lval-99484	separation
Lval-99336	maxPeriod
Lval-99456	*__cil_tmp10
Lval-99515	@sonicSetPitch
Lval-99234	*stream
Lval-99493	*stream.numPitchSamples
Lval-99436	*stream.numPitchSamples
Lval-99426	*stream.numPitchSamples
Lval-99415	*stream.numPitchSamples
Lval-99307	*stream.numPitchSamples
Lval-99680	*__cil_tmp13
Lval-99233	stream
Lval-99586	__cil_tmp12
Lval-99504	pitch
Lval-99595	@readShort
Lval-99230	newPeriod
Lval-99734	*stream.numChannels
Lval-99730	*stream.numChannels
Lval-99727	*stream.numChannels
Lval-99715	*stream.numChannels
Lval-99686	*stream.numChannels
Lval-99685	*stream.numChannels
Lval-99674	*stream.numChannels
Lval-99656	*stream.numChannels
Lval-99606	stream
Lval-99594	*stream.numChannels
Lval-99577	*stream.numChannels
Lval-99542	*stream.numChannels
Lval-99500	*stream.numChannels
Lval-99492	*stream.numChannels
Lval-99475	*stream.numChannels
Lval-99454	*stream.numChannels
Lval-99371	*stream.numChannels
Lval-99345	numChannels
Lval-99314	*stream.numChannels
Lval-99292	*stream.numChannels
Lval-99250	*stream.numChannels
Lval-99620	source
Lval-99513	sampleRate
Lval-99566	@changeSpeed
Lval-99582	samples
Lval-99635	*file
Lval-99608	period
Lval-99482	originalNumOutputSamples
Lval-99272	__cil_tmp12
Lval-99312	*stream
Lval-99434	__cil_tmp12
Lval-99446	buf[length]
Lval-99721	emulateChordPitch
Lval-99439	*file
Lval-99429	sample
Lval-99632	bytesRead
Lval-99246	__cil_tmp4
Lval-99638	bytes
Lval-99405	fixedPointVolume
Lval-99642	*file
Lval-99514	numChannels
Lval-99343	@sonicCreateStream
Lval-99373	*stream
Lval-99722	quality
Lval-99627	__cil_tmp12
Lval-99316	numSamples
Lval-99383	length
Lval-99738	bytes[i]
Lval-99543	__cil_tmp7
Lval-99249	position
Lval-99374	skip
Lval-99637	__cil_tmp5
Lval-99469	maxPeriod
Lval-99596	__cil_tmp4
Lval-99530	@processStreamInput
Lval-99587	soundFile
Lval-99360	numSamples
Lval-99326	@allocateStreamBuffers
Lval-99539	@closeWaveFile
Lval-99735	*__cil_tmp17
Lval-99617	@sonicSetSpeed
Lval-99308	numSamples
Lval-99521	__cil_tmp8
Lval-99275	skip
Lval-99571	tmp
Lval-99512	outFileName
Lval-99304	@removePitchSamples
Lval-99711	speed
Lval-99670	*retMaxDiff
Lval-99693	samples
Lval-99609	samplesWritten
Lval-99264	position
Lval-99328	sampleRate
Lval-99416	rate
Lval-99720	volume
Lval-99545	rate
Lval-99462	pitch
Lval-99382	bytes
Lval-99699	*__cil_tmp18
Lval-99497	numSamples
Lval-99535	bytes[__cil_tmp11]
Lval-99430	bytes[__cil_tmp12]
Lval-99581	out
Lval-99476	stream
Lval-99329	numChannels
Lval-99262	@sonicDestroyStream
Lval-99589	worstPeriod
Lval-99400	__cil_tmp5
Lval-99247	@copyToOutput
Lval-99342	__cil_tmp12
Lval-99657	samples
Lval-99653	volume
Lval-99600	numChannels
Lval-99300	right
Lval-99283	stream
Lval-99634	file
Lval-99331	separation
Lval-99241	sampleRate
Lval-99480	newSampleRate
Lval-99580	numChannels
Lval-99696	*stream.rate
Lval-99643	*stream.rate
Lval-99567	*stream.rate
Lval-99286	*stream.rate
Lval-99330	t
Lval-99296	originalNumOutputSamples
Lval-99728	*stream.inputBufferSize
Lval-99451	*stream.inputBufferSize
Lval-99626	*stream.pitchBufferSize
Lval-99282	*stream.pitchBufferSize
Lval-99362	originalNumOutputSamples
Lval-99659	@readBytes
Lval-99357	@addShortSamplesToInputBuffer
Lval-99293	__cil_tmp18
Lval-99285	numChannels
Lval-99392	__cil_tmp8
Lval-99398	__cil_tmp13
Lval-99325	__cil_tmp5
Lval-99424	out
Lval-99607	*stream
Lval-99731	rampUp
Lval-99444	numSamples
Lval-99349	bytePos
Lval-99676	volume
Lval-99435	@findPitchPeriod
Lval-99560	inFile
Lval-99242	numSamples
Lval-99639	length
Lval-99226	numChannels
Lval-99496	numSamples
Lval-99695	*stream.remainingInputToCopy
Lval-99649	*stream.remainingInputToCopy
Lval-99488	*stream.remainingInputToCopy
Lval-99388	*stream.remainingInputToCopy
Lval-99344	sampleRate
Lval-99232	*stream.remainingInputToCopy
Lval-99269	stream
Lval-99412	expectedOutputSamples
Lval-99481	__cil_tmp11
Lval-99251	p
Lval-99465	*d
Lval-99432	__cil_tmp12
Lval-99548	newSamples
Lval-99572	*stream.numOutputSamples
Lval-99561	*stream.numOutputSamples
Lval-99555	*stream.numOutputSamples
Lval-99507	*stream.numOutputSamples
Lval-99487	*stream.numOutputSamples
Lval-99441	*stream.numOutputSamples
Lval-99413	*stream.numOutputSamples
Lval-99361	*stream.numOutputSamples
Lval-99306	*stream.numOutputSamples
Lval-99243	*stream.numOutputSamples
Lval-99498	@freeStreamBuffers
Lval-99256	@adjustRate
Lval-99399	buffer
Lval-99244	stream
Lval-99284	*stream
Lval-99431	bytes
Lval-99707	*stream.maxPeriod
Lval-99470	*stream.maxPeriod
Lval-99725	__cil_tmp10
Lval-99629	bytes[i]
Lval-99311	stream
Lval-99255	__cil_tmp7
Lval-99225	d
Lval-99442	stream
Lval-99520	samples
Lval-99553	out
Lval-99334	*in
Lval-99428	*stream
Lval-99340	stream
Lval-99271	maxRequired
Lval-99231	samplesRead
Lval-99322	oldSampleRate
Lval-99333	@adjustPitch
Lval-99372	stream
Lval-99270	*stream
Lval-99419	rampUp
Lval-99449	__cil_tmp13
Lval-99367	__cil_tmp5
Lval-99547	__cil_tmp8
Lval-99288	*stream
Lval-99228	@enlargeOutputBufferIfNeeded
Lval-99411	*stream
Lval-99335	in
Lval-99604	value
Lval-99518	numChannels
Lval-99319	bytes
Lval-99671	retMaxDiff
Lval-99610	@sonicReadShortFromStream
Lval-99726	*stream.outputBuffer
Lval-99697	*stream.outputBuffer
Lval-99694	*stream.outputBuffer
Lval-99692	*stream.outputBuffer
Lval-99673	*stream.outputBuffer
Lval-99655	*stream.outputBuffer
Lval-99636	*stream.outputBuffer
Lval-99591	*stream.outputBuffer
Lval-99568	*stream.outputBuffer
Lval-99541	*stream.outputBuffer
Lval-99459	*stream.outputBuffer
Lval-99552	o
Lval-99701	__cil_tmp16
Lval-99474	*(in+*stream.numChannels)
Lval-99321	*stream
Lval-99570	rate
Lval-99618	speed
Lval-99732	*stream.newRatePosition
Lval-99677	*stream.newRatePosition
Lval-99573	*stream.newRatePosition
Lval-99433	*stream.newRatePosition
Lval-99395	*stream.newRatePosition
Lval-99599	*numChannels
Lval-99387	speed
Lval-99483	@overlapAddWithSeparation
Lval-99309	@memcpy
Lval-99273	stream
Lval-99261	@__DONOTCARE__
Lval-99557	out
Lval-99267	numSamples
Lval-99266	newSamples
Lval-99281	__cil_tmp5
Lval-99551	__cil_tmp7
Lval-99240	*stream
Lval-99574	__cil_tmp4
Lval-99294	__cil_tmp12
Lval-99708	__cil_tmp6
Lval-99377	*stream
Lval-99544	@enlargeInputBufferIfNeeded
Lval-99509	*stream
Lval-99417	minPeriod
Lval-99652	@sonicSetVolume
Lval-99585	@expectString
Lval-99523	position
Lval-99517	u
Lval-99559	@readFromWaveFile
Lval-99263	remainingSamples
Lval-99613	sampleRate
Lval-99257	stream
Lval-99683	__cil_tmp13
Lval-99259	originalNumOutputSamples
Lval-99414	speed
Lval-99265	period
Lval-99713	fileName
Lval-99526	file
Lval-99602	file
Lval-99229	stream
Lval-99667	retPeriod
Lval-99332	__cil_tmp6
Lval-99705	@interpolate
Lval-99511	@openOutputWaveFile
Lval-99348	__cil_tmp11
Lval-99669	*stream.oldRatePosition
Lval-99505	*stream.oldRatePosition
Lval-99479	*stream.oldRatePosition
Lval-99379	*stream.oldRatePosition
Lval-99320	*stream.oldRatePosition
Lval-99522	@sonicWriteShortToStream
Lval-99453	*stream
Lval-99654	*stream.numInputSamples
Lval-99402	*stream.numInputSamples
Lval-99351	*stream.numInputSamples
Lval-99339	*stream.numInputSamples
Lval-99313	*stream.numInputSamples
Lval-99268	*stream.numInputSamples
Lval-99536	@findPitchPeriodInRange
Lval-99341	*stream
Lval-99650	*stream.inputBuffer
Lval-99593	*stream.inputBuffer
Lval-99519	*stream.inputBuffer
Lval-99421	*stream
Lval-99401	*stream.inputBuffer
Lval-99310	*stream.inputBuffer
Lval-99302	*stream.inputBuffer
Lval-99291	*stream.inputBuffer
Lval-99248	*stream.inputBuffer
Lval-99558	speed
Lval-99554	i
Lval-99681	*retMinDiff
Lval-99516	pitch
Lval-99467	u
Lval-99237	numSamples
Lval-99315	samples
Lval-99486	rampDown
Lval-99427	stream
Lval-99733	oldSampleRate
Lval-99502	stream
Lval-99393	maxRequired
Lval-99389	stream
Lval-99463	*o
Lval-99648	*file.numChannels
Lval-99633	*file.numChannels
Lval-99601	*file.numChannels
Lval-99324	__cil_tmp9
Lval-99528	sampleRate
Lval-99317	@readExactBytes
Lval-99700	file
Lval-99588	rampUp
Lval-99406	in
Lval-99490	pVal
Lval-99485	out
Lval-99327	stream
Lval-99491	__cil_tmp3
Lval-99672	@sonicFlushStream
Lval-99369	expectedString
Lval-99644	maxSamples
Lval-99298	left
Lval-99410	stream
Lval-99337	maxSamples
Lval-99297	ratio
Lval-99386	*file
Lval-99592	@memmove
Lval-99563	*stream
Lval-99664	*stream
Lval-99452	stream
Lval-99709	file
Lval-99364	stream
Lval-99287	stream
Lval-99538	maxDiff
Lval-99704	*__cil_tmp13
Lval-99391	period
Lval-99575	inFile
Lval-99227	__cil_tmp14
Lval-99631	samplesRead
Lval-99621	numChannels
Lval-99688	*file.soundFile
Lval-99678	*file.soundFile
Lval-99640	*file.soundFile
Lval-99384	*file.soundFile
Lval-99529	__cil_tmp5
Lval-99299	width
Lval-99578	__cil_tmp17
Lval-99556	minDiff
Lval-99510	newSamples
Lval-99499	stream
Lval-99338	remainingSamples
Lval-99508	stream
Lval-99457	__cil_tmp10
Lval-99723	*stream.volume
Lval-99665	speed
Lval-99375	*stream.volume
Lval-99276	*stream.volume
Lval-99616	data
Lval-99625	*u
Lval-99455	value
Lval-99359	samples
Lval-99549	@closeFile
Lval-99404	samples
Lval-99614	*file.sampleRate
Lval-99437	*file.sampleRate
Lval-99660	maxPeriod
Lval-99689	file
Lval-99534	d
Lval-99477	*stream
Lval-99527	bytes
Lval-99532	inBuffer
Lval-99438	file
Lval-99712	@fopen
Lval-99729	@copyInputToOutput
Lval-99716	@runSonic
