Exp-5243	__cil_tmp11
Exp-4905	width-ratio
Exp-5537	(*stream.pitchBufferSize>>1)+numSamples
Exp-5314	(*stream.outputBufferSize>>1)+numSamples
Exp-5180	(*stream.inputBufferSize>>1)+numSamples
Exp-4968	newSampleRate
Exp-5430	period*SizeOf(short )
Exp-5550	maxDiff
Exp-5567	fileName
Exp-4940	oldSampleRate
Exp-5173	!((*stream.numPitchSamples-position)>=*stream.maxRequired)
Exp-5291	numSamples
Exp-4969	1<<14
Exp-4989	stream
Exp-5588	!(numSamples==0)
Exp-5489	!(samplesRead==0)
Exp-5480	!(inFile==0)
Exp-5337	!(soundFile==0)
Exp-5302	!(numSamples==0)
Exp-5241	d
Exp-5057	!(outFile==0)
Exp-5025	!(newSamples==0)
Exp-4866	!(numSamples==0)
Exp-5528	*stream.pitchBuffer+(*stream.numPitchSamples*numChannels)
Exp-5206	outFileName
Exp-5023	fixedPointVolume
Exp-5058	outFile==0
Exp-5286	t<numSamples
Exp-4947	t<separation
Exp-4834	t<numSamples
Exp-5578	pitch
Exp-5378	speed-1.f
Exp-5123	*d
Exp-5410	*file.numChannels*2
Exp-5389	(*stream.numPitchSamples-numSamples)*SizeOf(short )
Exp-4888	SizeOf(short )
Exp-4982	originalNumOutputSamples
Exp-5155	separation
Exp-4934	@readExactBytes
Exp-4876	period
Exp-5447	*stream.outputBuffer+(*stream.numOutputSamples**stream.numChannels)
Exp-5211	pitch
Exp-5468	!(period<=maxPeriod)
Exp-5539	__cil_tmp3
Exp-5165	*stream.remainingInputToCopy
Exp-4830	*stream.remainingInputToCopy
Exp-5283	inFile
Exp-5048	2
Exp-5299	@sonicSetRate
Exp-5053	*stream.pitchBuffer!=0
Exp-5231	@processStreamInput
Exp-5125	*u*t
Exp-5491	__cil_tmp3
Exp-5470	maxPeriod
Exp-5307	*stream.oldRatePosition+1
Exp-5146	*stream.oldRatePosition+1
Exp-5562	@insertPitchPeriod
Exp-5100	*stream.inputBufferSize
Exp-4903	left
Exp-4990	skip
Exp-5162	*stream.numOutputSamples+1
Exp-4850	!(value<-32767)
Exp-5601	!(*stream.oldRatePosition==oldSampleRate)
Exp-5021	*samples
Exp-5264	period+newSamples
Exp-4872	stream
Exp-5466	samplesRead
Exp-5384	@sonicSetSpeed
Exp-5363	file
Exp-5579	rate
Exp-5549	@prevPeriodBetter
Exp-4886	*stream.pitchBufferSize
Exp-4972	*stream.numInputSamples-position
Exp-4906	width
Exp-4840	stream
Exp-5590	*stream.outputBuffer
Exp-5541	*stream.outputBuffer
Exp-5531	*stream.outputBuffer
Exp-5521	*stream.outputBuffer
Exp-5493	*stream.outputBuffer
Exp-5448	*stream.outputBuffer
Exp-5414	*stream.outputBuffer
Exp-5348	*stream.outputBuffer
Exp-5298	*stream.outputBuffer
Exp-5254	*stream.outputBuffer
Exp-5113	*stream.outputBuffer
Exp-5542	*stream.numOutputSamples*numChannels
Exp-5522	*stream.numOutputSamples*numChannels
Exp-5494	*stream.numOutputSamples*numChannels
Exp-5425	*stream.numOutputSamples*numChannels
Exp-4984	minDiff
Exp-5371	skip==1
Exp-5216	*stream.inputBuffer!=0
Exp-5096	remainingSamples>0
Exp-4859	remainingSamples>0
Exp-5219	@sonicWriteShortToStream
Exp-5246	minPeriod
Exp-4963	numChannels
Exp-4890	stream
Exp-5153	originalNumOutputSamples
Exp-4821	numChannels
Exp-5222	rightPosition
Exp-5167	sVal
Exp-5133	maxPeriod>*stream.maxPeriod
Exp-4987	*stream.numChannels*skip
Exp-5151	value/samplesPerValue
Exp-5040	speed
Exp-5459	@readBytes
Exp-5200	oldSampleRate>(1<<14)
Exp-4967	newSampleRate>(1<<14)
Exp-5333	minPeriod
Exp-5606	buffer+1
Exp-4979	samples
Exp-4943	stream
Exp-5127	u
Exp-4868	numSamples
Exp-5467	!(!(period<=maxPeriod))
Exp-5324	!(t<numSamples)
Exp-4946	!(t<separation)
Exp-4833	!(t<numSamples)
Exp-5168	pVal
Exp-5306	*stream.numOutputSamples
Exp-5290	*stream.numOutputSamples
Exp-5272	*stream.numOutputSamples
Exp-5203	*stream.numOutputSamples
Exp-5161	*stream.numOutputSamples
Exp-5150	*stream.numOutputSamples
Exp-5089	*stream.numOutputSamples
Exp-5034	*stream.numOutputSamples
Exp-4954	65
Exp-4918	*stream.numOutputSamples
Exp-4839	*stream.numOutputSamples
Exp-5322	*stream.oldRatePosition*newSampleRate
Exp-5183	!(!(t<(numSamples+separation)))
Exp-5073	__cil_tmp12
Exp-5435	*stream.inputBuffer==0
Exp-5373	*stream.pitchBuffer+(((position+period)-newPeriod)*numChannels)
Exp-5214	u
Exp-4911	*stream.inputBuffer==0
Exp-5518	*stream.pitch
Exp-5250	@closeWaveFile
Exp-5140	*stream.pitch
Exp-4883	*stream.pitch
Exp-5612	*stream.newRatePosition*oldSampleRate
Exp-5045	400
Exp-5300	rate
Exp-5202	*stream.numOutputSamples+newSamples
Exp-4933	numSamples
Exp-5376	period/(speed-1.f)
Exp-5185	t<(numSamples+separation)
Exp-5115	period/pitch
Exp-5596	@copyInputToOutput
Exp-5318	!(i<numChannels)
Exp-5144	stream
Exp-5108	!(i<numChannels)
Exp-5210	@sonicSetPitch
Exp-4974	stream
Exp-5420	file
Exp-5174	(*stream.numPitchSamples-position)>=*stream.maxRequired
Exp-4983	stream
Exp-5335	@expectString
Exp-5401	i+1
Exp-5372	i+1
Exp-5230	__cil_tmp8
Exp-5244	@findPitchPeriodInRange
Exp-5004	(period*((2.f*speed)-1.f))/(1.f-speed)
Exp-5533	(numSamples*SizeOf(short ))*numChannels
Exp-5429	(period*SizeOf(short ))*numChannels
Exp-5398	*u*(t-separation)
Exp-5395	*d*(numSamples-t)
Exp-5122	*d*(numSamples-t)
Exp-5577	speed
Exp-5288	stream
Exp-5207	sampleRate
Exp-5471	__cil_tmp12
Exp-5255	originalNumOutputSamples**stream.numChannels
Exp-5342	period+1
Exp-5380	StartOf(outBuffer)
Exp-5037	(remainingSamples/speed)+*stream.numPitchSamples
Exp-5008	2.f*speed
Exp-4865	newSamples
Exp-5383	__cil_tmp14
Exp-5321	inFile
Exp-5114	p+1
Exp-4860	remainingSamples
Exp-5336	__cil_tmp12
Exp-5325	s
Exp-5535	newSampleRate>>1
Exp-5273	!(*stream.numOutputSamples>expectedOutputSamples)
Exp-5117	pitch
Exp-5092	*stream.outputBufferSize
Exp-5529	*stream.numPitchSamples*numChannels
Exp-5412	file
Exp-5382	*file.sampleRate
Exp-4854	@adjustRate
Exp-5024	12
Exp-4841	@copyToOutput
Exp-5047	skip<<2
Exp-5196	speed>1.00001000001
Exp-4994	bytes
Exp-5070	!(value>32767)
Exp-4914	numSamples>*stream.maxRequired
Exp-5397	numSamples-t
Exp-5278	out
Exp-5209	numSamples-maxSamples
Exp-5124	numSamples-t
Exp-5339	soundFile
Exp-5204	newSamples
Exp-5012	maxRequired
Exp-4913	!(numSamples>*stream.maxRequired)
Exp-5608	samples+1
Exp-5465	numSamples*numChannels
Exp-5169	samples+1
Exp-5506	*stream.pitchBuffer
Exp-5458	*stream.pitchBuffer
Exp-5386	*stream.pitchBuffer
Exp-5054	*stream.pitchBuffer
Exp-5050	*stream.pitchBuffer
Exp-5028	*stream.pitchBuffer
Exp-4887	stream
Exp-5560	__cil_tmp6
Exp-4907	right
Exp-5228	sampleRate
Exp-5281	speed
Exp-5071	value>32767
Exp-4957	numSamples
Exp-4891	rate
Exp-5557	*stream.downSampleBuffer
Exp-5438	*stream.downSampleBuffer
Exp-5427	*stream.downSampleBuffer
Exp-5416	*stream.numOutputSamples+period
Exp-5031	*stream.downSampleBuffer
Exp-5445	*stream.numInputSamples+numSamples
Exp-5131	*stream.numInputSamples+numSamples
Exp-5508	retMinDiff
Exp-5142	in+*stream.numChannels
Exp-5315	*stream.outputBufferSize>>1
Exp-5010	1.f-speed
Exp-4981	stream
Exp-5571	maxPeriod/skip
Exp-5237	pitch>=1.f
Exp-5208	numChannels
Exp-5377	period
Exp-4930	samples
Exp-5289	*stream.numOutputSamples+numSamples
Exp-5088	*stream.numOutputSamples+numSamples
Exp-4993	@fread
Exp-4916	@removePitchSamples
Exp-4879	*stream.volume
Exp-4942	@allocateStreamBuffers
Exp-5181	*stream.inputBufferSize>>1
Exp-5166	sVal>=pVal
Exp-4971	bytePos
Exp-5379	@sonicReadShortFromStream
Exp-5266	@closeFile
Exp-5546	__cil_tmp18
Exp-5101	stream
Exp-5570	minPeriod/skip
Exp-5610	rampUp+i
Exp-5340	rampUp+i
Exp-4961	@sonicCreateStream
Exp-5544	__cil_tmp5
Exp-5461	(maxSamples**file.numChannels)*2
Exp-5479	i-1
Exp-4908	i-1
Exp-5455	o+numChannels
Exp-5359	o+numChannels
Exp-5460	StartOf(bytes)
Exp-5111	rate**stream.pitch
Exp-5301	sVal-pVal
Exp-5148	newSampleRate
Exp-5523	samples
Exp-5007	(2.f*speed)-1.f
Exp-5352	position**stream.numChannels
Exp-4894	position**stream.numChannels
Exp-4844	position**stream.numChannels
Exp-5358	in
Exp-5304	u+numChannels
Exp-5213	u+numChannels
Exp-4924	*stream.inputBuffer+(*stream.numInputSamples**stream.numChannels)
Exp-5619	value|bytes[i]
Exp-5403	value|bytes[i]
Exp-5005	period*((2.f*speed)-1.f)
Exp-4977	@addShortSamplesToInputBuffer
Exp-5525	period*numChannels
Exp-5330	period*numChannels
Exp-4875	period*skip
Exp-5586	rampDown
Exp-5137	value
Exp-5559	minPeriod<*stream.minPeriod
Exp-5156	out
Exp-5186	numSamples+separation
Exp-5517	file
Exp-5274	*stream.numOutputSamples>expectedOutputSamples
Exp-4837	stream
Exp-4822	@enlargeOutputBufferIfNeeded
Exp-5163	!(*stream.remainingInputToCopy>0)
Exp-5509	minDiff/bestPeriod
Exp-5218	samples
Exp-5500	volume
Exp-5006	period
Exp-5572	!(speed>1.)
Exp-5551	preferNewPeriod
Exp-5469	period<=maxPeriod
Exp-5198	1.00001000001
Exp-5582	quality
Exp-5574	1.
Exp-5091	numSamples
Exp-5311	!(*stream.numOutputSamples==originalNumOutputSamples)
Exp-5159	!(*stream.numOutputSamples==originalNumOutputSamples)
Exp-4848	samples
Exp-5495	speed<0.999990000001
Exp-4902	ratio
Exp-5227	sampleRate/4000
Exp-5095	__cil_tmp13
Exp-5603	!(*stream.outputBuffer!=0)
Exp-5483	!(*stream.inputBuffer!=0)
Exp-5428	!(*stream.downSampleBuffer!=0)
Exp-5341	rampUp
Exp-5212	!(*stream.pitchBuffer!=0)
Exp-5082	position<(*stream.numPitchSamples-1)
Exp-5121	(*d*(numSamples-t))+(*u*t)
Exp-5002	0.5f
Exp-4899	((ratio*left)+((width-ratio)*right))/width
Exp-5558	!(minPeriod<*stream.minPeriod)
Exp-5079	*stream.pitch!=1.f
Exp-5141	*(in+*stream.numChannels)
Exp-5446	*stream.numInputSamples
Exp-5018	*stream.numInputSamples
Exp-4973	*stream.numInputSamples
Exp-4959	*stream.numInputSamples
Exp-4928	*stream.numInputSamples
Exp-4871	*stream.numInputSamples
Exp-5408	bytesRead/(*file.numChannels*2)
Exp-4927	*stream.numInputSamples**stream.numChannels
Exp-5563	speed
Exp-5287	period+(skip<<2)
Exp-5503	maxPeriod
Exp-5164	*stream.remainingInputToCopy>0
Exp-5449	*stream.numOutputSamples**stream.numChannels
Exp-5178	@overlapAdd
Exp-5476	10
Exp-4909	i
Exp-4948	t
Exp-5059	outFile
Exp-5105	*__cil_tmp10
Exp-5199	!(oldSampleRate>(1<<14))
Exp-4966	!(newSampleRate>(1<<14))
Exp-4898	originalNumOutputSamples
Exp-5077	samples
Exp-5226	StartOf(bytes)
Exp-5205	@openOutputWaveFile
Exp-5085	file
Exp-5620	bytes[i]
Exp-5613	*stream.newRatePosition
Exp-5075	*stream.newRatePosition
Exp-5615	*__cil_tmp17
Exp-5361	numChannels
Exp-5265	newSamples
Exp-4950	@adjustPitch
Exp-5349	@memmove
Exp-5511	bestPeriod
Exp-4996	length
Exp-5472	stream
Exp-5360	*stream.minPeriod
Exp-5566	@fopen
Exp-5295	*stream.rate**stream.pitch
Exp-5444	(*stream.numInputSamples+numSamples)>*stream.inputBufferSize
Exp-4964	rate!=1.f
Exp-5083	*stream.numPitchSamples-1
Exp-5215	numChannels
Exp-5261	*stream.sampleRate/rate
Exp-5020	*samples*fixedPointVolume
Exp-5473	speed
Exp-5419	*file.soundFile
Exp-4997	*file.soundFile
Exp-4920	*stream.numPitchSamples+numSamples
Exp-5032	stream
Exp-5431	(period*(2.f-speed))/(speed-1.f)
Exp-5157	rampDown
Exp-5066	bytes[__cil_tmp12]<<8
Exp-5042	rate
Exp-5490	@sonicFlushStream
Exp-5411	*file.numChannels
Exp-5362	*file.numChannels
Exp-5439	!(!((*stream.numPitchSamples-position)>=*stream.maxRequired))
Exp-4835	t
Exp-5334	__cil_tmp5
Exp-5614	oldSampleRate
Exp-5454	bytePos+1
Exp-4923	@memcpy
Exp-4919	(*stream.numPitchSamples+numSamples)>*stream.pitchBufferSize
Exp-5512	__cil_tmp13
Exp-5038	remainingSamples/speed
Exp-5130	maxRequired
Exp-5463	maxSamples
Exp-5545	*__cil_tmp18
Exp-5224	diff
Exp-5074	*stream.newRatePosition+1
Exp-5277	out+i
Exp-5268	out+i
Exp-4978	stream
Exp-4836	numSamples
Exp-5187	numSamples
Exp-5436	*stream.inputBuffer
Exp-5350	*stream.inputBuffer
Exp-5217	*stream.inputBuffer
Exp-5017	*stream.inputBuffer
Exp-4925	*stream.inputBuffer
Exp-4912	*stream.inputBuffer
Exp-4893	*stream.inputBuffer
Exp-4843	*stream.inputBuffer
Exp-5413	*stream.outputBuffer+((*stream.numOutputSamples+period)*numChannels)
Exp-5063	stream
Exp-5001	speed
Exp-5532	originalNumOutputSamples*numChannels
Exp-5238	StartOf(inBuffer)
Exp-4985	@strlen
Exp-5097	remainingSamples
Exp-5093	length
Exp-4847	samples+period
Exp-5033	*stream.numOutputSamples+((((remainingSamples/speed)+*stream.numPitchSamples)/rate)+0.5f)
Exp-5365	value
Exp-5305	*stream.numOutputSamples+(period+newSamples)
Exp-4970	14
Exp-4953	sampleRate/65
Exp-5087	(*stream.numOutputSamples+numSamples)>*stream.outputBufferSize
Exp-5036	((remainingSamples/speed)+*stream.numPitchSamples)/rate
Exp-5534	numSamples*SizeOf(short )
Exp-5453	numSamples*SizeOf(short )
Exp-4932	numSamples*SizeOf(short )
Exp-5030	*stream.downSampleBuffer!=0
Exp-5043	__cil_tmp4
Exp-4901	ratio*left
Exp-4849	period
Exp-5561	file
Exp-4904	(width-ratio)*right
Exp-5119	o
Exp-4999	!(speed<0.5f)
Exp-5055	out+1
Exp-5394	(*d*(numSamples-t))+(*u*(t-separation))
Exp-5194	pitch
Exp-4917	position
Exp-5390	numChannels
Exp-5320	skip!=1
Exp-5022	samples
Exp-5060	!(numSamples!=*stream.numPitchSamples)
Exp-4897	@moveNewSamplesToPitchBuffer
Exp-5576	@runSonic
Exp-5548	StartOf(buf)
Exp-5013	SizeOf(short )*numChannels
Exp-5391	@removeInputSamples
Exp-5201	stream
Exp-5451	samples
Exp-5257	(*stream.numOutputSamples-originalNumOutputSamples)**stream.numChannels
Exp-5604	!(remainingSamples>0)
Exp-5599	!(samplesRead>0)
Exp-5369	!(remainingSamples>0)
Exp-5285	2048
Exp-5279	!(speed>=2.f)
Exp-5592	numSamples**stream.numChannels
Exp-5513	(*d*(numSamples-t))/numSamples
Exp-5504	(*u*(t-separation))/numSamples
Exp-5598	!(!(samplesRead>0))
Exp-5019	(*samples*fixedPointVolume)>>12
Exp-4823	stream
Exp-5171	*stream.outputBufferSize*SizeOf(short )
Exp-5602	*stream.prevPeriod
Exp-5367	*stream.prevPeriod
Exp-4861	position+(period+newSamples)
Exp-5319	i<numChannels
Exp-5109	i<numChannels
Exp-5526	downSamples+1
Exp-5368	stream
Exp-5536	*stream.pitchBufferSize+((*stream.pitchBufferSize>>1)+numSamples)
Exp-5313	*stream.outputBufferSize+((*stream.outputBufferSize>>1)+numSamples)
Exp-5179	*stream.inputBufferSize+((*stream.inputBufferSize>>1)+numSamples)
Exp-4889	numChannels
Exp-5611	rampUp
Exp-5538	*stream.pitchBufferSize>>1
Exp-5223	position
Exp-4936	StartOf(bytes)
Exp-5145	(*stream.oldRatePosition+1)*newSampleRate
Exp-5374	((position+period)-newPeriod)*numChannels
Exp-5343	diff+tmp
Exp-5440	oldSampleRate>>1
Exp-5385	speed
Exp-5564	newPeriod-period
Exp-4838	sampleRate
Exp-5086	@readInt
Exp-5617	@skipPitchPeriod
Exp-5499	volume*4096.f
Exp-4826	samplesRead==0
Exp-4853	-32767
Exp-5510	minDiff
Exp-5553	__cil_tmp13
Exp-5581	emulateChordPitch
Exp-5347	*stream.outputBuffer==0
Exp-5112	*stream.outputBuffer==0
Exp-5442	volume
Exp-5587	maxRequired*SizeOf(short )
Exp-5332	pVal-sVal
Exp-5308	!(*stream.newRatePosition!=newSampleRate)
Exp-5014	numChannels
Exp-5029	position
Exp-5618	sampleRate>4000
Exp-4951	*in
Exp-5600	samplesRead>0
Exp-5158	rampUp
Exp-5270	i
Exp-5258	*stream.numOutputSamples-originalNumOutputSamples
Exp-5149	*stream.numOutputSamples-originalNumOutputSamples
Exp-5475	length>10
Exp-5094	\'\\000\'
Exp-5540	*stream.outputBuffer+(*stream.numOutputSamples*numChannels)
Exp-5520	*stream.outputBuffer+(*stream.numOutputSamples*numChannels)
Exp-5492	*stream.outputBuffer+(*stream.numOutputSamples*numChannels)
Exp-5424	*stream.outputBuffer+(*stream.numOutputSamples*numChannels)
Exp-5356	@readShort
Exp-5035	(((remainingSamples/speed)+*stream.numPitchSamples)/rate)+0.5f
Exp-5432	period*(2.f-speed)
Exp-5357	in+1
Exp-4995	SizeOf(char )
Exp-4874	stream
Exp-4825	0
Exp-5039	remainingSamples
Exp-4938	*stream.oldRatePosition==oldSampleRate
Exp-4845	position
Exp-4852	value
Exp-5275	expectedOutputSamples
Exp-5044	sampleRate/400
Exp-5009	2.f
Exp-4827	samplesRead
Exp-5016	buffer
Exp-4975	position
Exp-5239	__cil_tmp9
Exp-5152	samplesPerValue
Exp-5595	remainingSamples*SizeOf(short )
Exp-5355	remainingSamples*SizeOf(short )
Exp-5407	i>=0
Exp-5235	i>=0
Exp-5502	2*maxPeriod
Exp-5269	out
Exp-5282	@readFromWaveFile
Exp-5392	o
Exp-5421	*stream.rate
Exp-5296	*stream.rate
Exp-5402	downSamples
Exp-4869	!(*stream.numInputSamples<maxRequired)
Exp-4949	separation
Exp-4864	period
Exp-5488	worstPeriod
Exp-4828	stream
Exp-5000	speed<0.5f
Exp-4824	newPeriod
Exp-4851	value<-32767
Exp-5481	inFile==0
Exp-4873	maxRequired
Exp-5229	4000
Exp-5061	numSamples!=*stream.numPitchSamples
Exp-4877	skip
Exp-5312	*stream.numOutputSamples==originalNumOutputSamples
Exp-5160	*stream.numOutputSamples==originalNumOutputSamples
Exp-5605	__cil_tmp10
Exp-5519	numChannels
Exp-5026	newSamples==0
Exp-5051	position*numChannels
Exp-4937	4
Exp-4855	stream
Exp-5543	numChannels
Exp-5399	*u
Exp-5276	!(*stream.volume!=1.f)
Exp-5078	!(*stream.pitch!=1.f)
Exp-5474	!(length>10)
Exp-4870	*stream.numInputSamples<maxRequired
Exp-5128	*stream.numInputSamples+(2*maxRequired)
Exp-5132	!(maxPeriod>*stream.maxPeriod)
Exp-5182	numSamples
Exp-5565	t+1
Exp-5437	t+1
Exp-5154	@overlapAddWithSeparation
Exp-5580	volume
Exp-5381	sampleRate
Exp-5193	stream
Exp-5366	*stream.prevPeriod==0
Exp-5409	bytesRead
Exp-5188	*stream.numPitchSamples-numSamples
Exp-5189	@freeStreamBuffers
Exp-5120	((*d*(numSamples-t))+(*u*t))/numSamples
Exp-4862	position
Exp-5501	4096.f
Exp-5329	samples
Exp-5076	@findPitchPeriod
Exp-4945	numChannels
Exp-4922	numSamples
Exp-4991	stream
Exp-5478	rampDown
Exp-5170	(*stream.outputBufferSize*SizeOf(short ))**stream.numChannels
Exp-5098	(*stream.inputBufferSize*SizeOf(short ))**stream.numChannels
Exp-5351	*stream.inputBuffer+(position**stream.numChannels)
Exp-4892	*stream.inputBuffer+(position**stream.numChannels)
Exp-4842	*stream.inputBuffer+(position**stream.numChannels)
Exp-5462	maxSamples**file.numChannels
Exp-5271	*stream.numOutputSamples+newPeriod
Exp-4998	file
Exp-4896	p
Exp-5184	!(t<(numSamples+separation))
Exp-4857	originalNumOutputSamples
Exp-4952	in
Exp-5530	*stream.outputBuffer+(originalNumOutputSamples*numChannels)
Exp-5464	*stream.pitchBuffer+(numSamples*numChannels)
Exp-5049	*stream.pitchBuffer+(position*numChannels)
Exp-5240	d+numChannels
Exp-4819	d+numChannels
Exp-5345	minPeriod
Exp-5280	speed>=2.f
Exp-5065	sample
Exp-5195	position+1
Exp-5175	*stream.numPitchSamples-position
Exp-5027	*stream.pitchBuffer+position
Exp-4820	d
Exp-5090	stream
Exp-5103	value+*__cil_tmp10
Exp-5584	__cil_tmp7
Exp-5405	!(!(i>=0))
Exp-5233	!(!(i>=0))
Exp-5486	maxDiff/worstPeriod
Exp-5396	*d
Exp-5081	!(position<(*stream.numPitchSamples-1))
Exp-5487	maxDiff
Exp-5556	period*speed
Exp-5293	leftPosition
Exp-5388	((*stream.numPitchSamples-numSamples)*SizeOf(short ))*numChannels
Exp-5245	samples
Exp-4986	expectedString
Exp-4878	*stream.volume!=1.f
Exp-5404	bytes[i]
Exp-4955	!(numSamples>maxSamples)
Exp-5116	period
Exp-5225	file
Exp-4935	file
Exp-5260	remainingSamples+(2*maxRequired)
Exp-5344	tmp
Exp-4980	numSamples
Exp-5441	@sonicSetVolume
Exp-5069	8
Exp-5568	\"wb\"
Exp-4960	stream
Exp-5220	!(speed>1.00001000001)
Exp-5129	2*maxRequired
Exp-5099	*stream.inputBufferSize*SizeOf(short )
Exp-5589	numSamples==0
Exp-5303	numSamples==0
Exp-4867	numSamples==0
Exp-5616	__cil_tmp17
Exp-5072	32767
Exp-5418	length
Exp-5262	rate
Exp-5516	*stream.maxRequired
Exp-5456	*stream.maxRequired
Exp-5346	!(pitch>=1.f)
Exp-5309	*stream.newRatePosition!=newSampleRate
Exp-5177	*stream.maxRequired
Exp-4915	*stream.maxRequired
Exp-5423	4096
Exp-5191	*stream.numChannels==1
Exp-5134	maxPeriod
Exp-5242	bytes[__cil_tmp11]
Exp-5067	bytes[__cil_tmp12]
Exp-5248	&maxDiff
Exp-5104	value
Exp-5338	soundFile==0
Exp-5106	__cil_tmp10
Exp-5524	samples+(period*numChannels)
Exp-5406	!(i>=0)
Exp-5328	samples+(period*numChannels)
Exp-5234	!(i>=0)
Exp-4884	(*stream.pitchBufferSize*SizeOf(short ))*numChannels
Exp-5147	*stream.oldRatePosition
Exp-4939	*stream.oldRatePosition
Exp-5317	!(!(i<numChannels))
Exp-5107	!(!(i<numChannels))
Exp-4832	!(!(t<numSamples))
Exp-5110	i
Exp-5482	*stream.sampleRate
Exp-4976	*stream.sampleRate
Exp-5015	__cil_tmp7
Exp-5068	__cil_tmp12
Exp-5443	!((*stream.numInputSamples+numSamples)>*stream.inputBufferSize)
Exp-5310	!((*stream.numPitchSamples+numSamples)>*stream.pitchBufferSize)
Exp-5232	!((*stream.numOutputSamples+numSamples)>*stream.outputBufferSize)
Exp-4941	__cil_tmp9
Exp-5594	(remainingSamples*SizeOf(short ))**stream.numChannels
Exp-5452	(numSamples*SizeOf(short ))**stream.numChannels
Exp-5354	(remainingSamples*SizeOf(short ))**stream.numChannels
Exp-5052	numChannels
Exp-4931	(numSamples*SizeOf(short ))**stream.numChannels
Exp-4900	(ratio*left)+((width-ratio)*right)
Exp-5126	*u
Exp-5507	__cil_tmp13
Exp-5485	retMaxDiff
Exp-5197	speed
Exp-5422	4096/(*file.numChannels*2)
Exp-5415	(*stream.numOutputSamples+period)*numChannels
Exp-5176	*stream.numPitchSamples
Exp-5084	*stream.numPitchSamples
Exp-5062	*stream.numPitchSamples
Exp-5041	*stream.numPitchSamples
Exp-4921	*stream.numPitchSamples
Exp-4885	*stream.pitchBufferSize*SizeOf(short )
Exp-5554	@interpolate
Exp-5547	file
Exp-5573	speed>1.
Exp-4962	sampleRate
Exp-4863	period+newSamples
Exp-5247	&minDiff
Exp-4956	numSamples>maxSamples
Exp-4858	@sonicDestroyStream
Exp-5251	!(*stream.numChannels==1)
Exp-4831	numSamples
Exp-5484	retPeriod
Exp-5263	@downSampleInput
Exp-5400	t-separation
Exp-5316	__cil_tmp5
Exp-4958	maxSamples
Exp-5597	*stream.numChannels
Exp-5593	*stream.numChannels
Exp-5575	*stream.numChannels
Exp-5515	*stream.numChannels
Exp-5514	*stream.numChannels
Exp-5497	*stream.numChannels
Exp-5450	*stream.numChannels
Exp-5353	*stream.numChannels
Exp-5323	*stream.numChannels
Exp-5256	*stream.numChannels
Exp-5192	*stream.numChannels
Exp-5172	*stream.numChannels
Exp-5143	*stream.numChannels
Exp-5102	*stream.numChannels
Exp-4988	*stream.numChannels
Exp-4929	*stream.numChannels
Exp-4895	*stream.numChannels
Exp-4846	*stream.numChannels
Exp-5080	!(!(position<(*stream.numPitchSamples-1)))
Exp-5267	file
Exp-4856	rate
Exp-4926	stream
Exp-5003	stream
Exp-4992	volume
Exp-5417	bytes
Exp-5585	rampDown+i
Exp-5477	rampDown+i
Exp-5252	@scaleSamples
Exp-5607	!(*stream.downSampleBuffer==0)
Exp-5583	!(*stream.prevPeriod==0)
Exp-5569	!(*stream.pitchBuffer==0)
Exp-5552	!(*stream.pitchBuffer==0)
Exp-5527	!(*stream.outputBuffer==0)
Exp-5434	!(*stream.inputBuffer==0)
Exp-5249	!(*stream.outputBuffer==0)
Exp-4910	!(*stream.inputBuffer==0)
Exp-5498	!(sVal>=pVal)
Exp-5056	out
Exp-5011	maxRequired*(SizeOf(short )*numChannels)
Exp-5433	2.f-speed
Exp-5236	i
Exp-5292	rightPosition-leftPosition
Exp-5221	rightPosition-position
Exp-5064	sample|(bytes[__cil_tmp12]<<8)
Exp-4965	__cil_tmp12
Exp-5609	s+1
Exp-4829	*stream.remainingInputToCopy-numSamples
Exp-5393	((*d*(numSamples-t))+(*u*(t-separation)))/numSamples
Exp-5387	source
Exp-5259	@enlargeInputBufferIfNeeded
Exp-5284	2048/numChannels
Exp-5327	out
Exp-5135	*stream.maxPeriod
Exp-5139	*stream.speed
Exp-4882	*stream.speed
Exp-5294	@changeSpeed
Exp-4818	1
Exp-4880	1.f
Exp-5138	*stream.speed/*stream.pitch
Exp-4881	*stream.speed/*stream.pitch
Exp-5046	period-(skip<<2)
Exp-5331	position+period
Exp-5118	position+newSamples
Exp-5496	0.999990000001
Exp-5370	!(skip==1)
Exp-5426	*stream.downSampleBuffer==0
Exp-4944	sampleRate
Exp-5591	*stream.outputBuffer+(numSamples**stream.numChannels)
Exp-5375	(position+period)-newPeriod
Exp-5253	*stream.outputBuffer+(originalNumOutputSamples**stream.numChannels)
Exp-5326	numChannels
Exp-5505	*stream.pitchBuffer==0
Exp-5457	*stream.pitchBuffer==0
Exp-5190	stream
Exp-5555	(period*speed)/(1.f-speed)
Exp-5364	value<<8
Exp-5136	value<<8
Exp-5297	*stream.outputBuffer!=0
